2026/05/02 11:01:42 [notice] 1#1: using the "epoll" event method
2026/05/02 11:01:42 [notice] 1#1: nginx/1.27.1
2026/05/02 11:01:42 [notice] 1#1: built by gcc 12.2.0 (Debian 12.2.0-14) 
2026/05/02 11:01:42 [notice] 1#1: OS: Linux 6.8.0-51-generic
2026/05/02 11:01:42 [notice] 1#1: getrlimit(RLIMIT_NOFILE): 1048576:1048576
2026/05/02 11:01:42 [notice] 1#1: start worker processes
2026/05/02 11:01:42 [notice] 1#1: start worker process 29
2026/05/02 11:01:42 [notice] 1#1: start worker process 30
2026/05/02 11:01:42 [notice] 1#1: start worker process 31
2026/05/02 11:01:42 [notice] 1#1: start worker process 32
2026/05/02 11:01:42 [notice] 1#1: start worker process 33
2026/05/02 11:01:42 [notice] 1#1: start worker process 34
2026/05/02 11:01:42 [notice] 1#1: start worker process 35
2026/05/02 11:01:42 [notice] 1#1: start worker process 36
2026/05/02 11:06:37 [notice] 1#1: using the "epoll" event method
2026/05/02 11:06:37 [notice] 1#1: nginx/1.27.1
2026/05/02 11:06:37 [notice] 1#1: built by gcc 12.2.0 (Debian 12.2.0-14) 
2026/05/02 11:06:37 [notice] 1#1: OS: Linux 6.8.0-51-generic
2026/05/02 11:06:37 [notice] 1#1: getrlimit(RLIMIT_NOFILE): 1048576:1048576
2026/05/02 11:06:37 [notice] 1#1: start worker processes
2026/05/02 11:06:37 [notice] 1#1: start worker process 29
2026/05/02 11:06:37 [notice] 1#1: start worker process 30
2026/05/02 11:06:37 [notice] 1#1: start worker process 31
2026/05/02 11:06:37 [notice] 1#1: start worker process 32
2026/05/02 11:06:37 [notice] 1#1: start worker process 33
2026/05/02 11:06:37 [notice] 1#1: start worker process 34
2026/05/02 11:06:37 [notice] 1#1: start worker process 35
2026/05/02 11:06:37 [notice] 1#1: start worker process 36
2026/05/02 11:08:10 [notice] 1#1: using the "epoll" event method
2026/05/02 11:08:10 [notice] 1#1: nginx/1.27.1
2026/05/02 11:08:10 [notice] 1#1: built by gcc 12.2.0 (Debian 12.2.0-14) 
2026/05/02 11:08:10 [notice] 1#1: OS: Linux 6.8.0-51-generic
2026/05/02 11:08:10 [notice] 1#1: getrlimit(RLIMIT_NOFILE): 1048576:1048576
2026/05/02 11:08:10 [notice] 1#1: start worker processes
2026/05/02 11:08:10 [notice] 1#1: start worker process 29
2026/05/02 11:08:10 [notice] 1#1: start worker process 30
2026/05/02 11:08:10 [notice] 1#1: start worker process 31
2026/05/02 11:08:10 [notice] 1#1: start worker process 32
2026/05/02 11:08:10 [notice] 1#1: start worker process 33
2026/05/02 11:08:10 [notice] 1#1: start worker process 34
2026/05/02 11:08:10 [notice] 1#1: start worker process 35
2026/05/02 11:08:10 [notice] 1#1: start worker process 36
2026/05/02 11:08:17 [error] 30#30: *1 open() "/usr/share/nginx/html/favicon.ico" failed (2: No such file or directory), client: 172.17.0.1, server: localhost, request: "GET /favicon.ico HTTP/1.1", host: "localhost:75", referrer: "http://localhost:75/"
